2025-01-22 21:03:39,482 [DEBUG]  Available web server routes: 
/conversations/<conversation_id:path>/messages     POST                           add_message
/conversations/<conversation_id:path>/tracker/events POST                           append_events
/webhooks/rasa                                     GET                            custom_webhook_RasaChatInput.health
/webhooks/rasa/webhook                             POST                           custom_webhook_RasaChatInput.receive
/webhooks/rest                                     GET                            custom_webhook_RestInput.health
/webhooks/rest/webhook                             POST                           custom_webhook_RestInput.receive
/model/test/intents                                POST                           evaluate_intents
/model/test/stories                                POST                           evaluate_stories
/conversations/<conversation_id:path>/execute      POST                           execute_action
/domain                                            GET                            get_domain
/                                                  GET                            hello
/model                                             PUT                            load_model
/model/parse                                       POST                           parse
/conversations/<conversation_id:path>/predict      POST                           predict
/conversations/<conversation_id:path>/tracker/events PUT                            replace_events
/conversations/<conversation_id:path>/story        GET                            retrieve_story
/conversations/<conversation_id:path>/tracker      GET                            retrieve_tracker
/status                                            GET                            status
/model/predict                                     POST                           tracker_predict
/model/train                                       POST                           train
/conversations/<conversation_id:path>/trigger_intent POST                           trigger_intent
/model                                             DELETE                         unload_model
/version                                           GET                            version
2025-01-22 21:03:39,483 [INFO ]  Starting Rasa server on http://0.0.0.0:5005
2025-01-22 21:03:39,483 [DEBUG]  Using the default number of Sanic workers (1).
2025-01-22 21:03:39,594 [DEBUG]  Skipping telemetry reporting: no license hash found.
2025-01-22 21:03:39,624 [DEBUG]  Connected to InMemoryTrackerStore.
2025-01-22 21:03:39,624 [DEBUG]  Connected to lock store 'InMemoryLockStore'.
2025-01-22 21:03:39,625 [DEBUG]  Instantiated NLG to 'TemplatedNaturalLanguageGenerator'.
2025-01-22 21:03:39,625 [INFO ]  Loading model models/20250122-210250-rigid-epoch.tar.gz...
2025-01-22 21:03:39,692 [DEBUG]  Extracted model to '/tmp/tmpm62brp8m'.
2025-01-22 21:03:39,695 [DEBUG]  Node 'nlu_message_converter' loading 'NLUMessageConverter.load' and kwargs: '{}'.
2025-01-22 21:03:39,695 [DEBUG]  Node 'run_WhitespaceTokenizer0' loading 'WhitespaceTokenizer.load' and kwargs: '{}'.
2025-01-22 21:03:39,697 [DEBUG]  Node 'run_RegexFeaturizer1' loading 'RegexFeaturizer.load' and kwargs: '{}'.
2025-01-22 21:03:39,698 [DEBUG]  Resource 'train_RegexFeaturizer1' was requested for reading.
2025-01-22 21:03:39,698 [DEBUG]  Node 'run_LexicalSyntacticFeaturizer2' loading 'LexicalSyntacticFeaturizer.load' and kwargs: '{}'.
2025-01-22 21:03:39,698 [DEBUG]  Resource 'train_LexicalSyntacticFeaturizer2' was requested for reading.
2025-01-22 21:03:39,698 [DEBUG]  Node 'run_CountVectorsFeaturizer3' loading 'CountVectorsFeaturizer.load' and kwargs: '{}'.
2025-01-22 21:03:39,698 [DEBUG]  Resource 'train_CountVectorsFeaturizer3' was requested for reading.
2025-01-22 21:03:39,699 [DEBUG]  Node 'run_LanguageModelFeaturizer4' loading 'LanguageModelFeaturizer.load' and kwargs: '{}'.
2025-01-22 21:03:40,395 [DEBUG]  Loading Tokenizer and Model for bert
2025-01-22 21:03:40,397 [DEBUG]  Starting new HTTPS connection (1): huggingface.co:443
2025-01-22 21:03:40,608 [DEBUG]  https://huggingface.co:443 "HEAD /bert-base-cased/resolve/main/tokenizer_config.json HTTP/1.1" 200 0
2025-01-22 21:03:40,806 [DEBUG]  https://huggingface.co:443 "HEAD /bert-base-cased/resolve/main/config.json HTTP/1.1" 200 0
2025-01-22 21:03:43,692 [DEBUG]  Node 'run_DIETClassifier5' loading 'DIETClassifier.load' and kwargs: '{}'.
2025-01-22 21:03:43,693 [DEBUG]  Resource 'train_DIETClassifier5' was requested for reading.
2025-01-22 21:03:43,694 [DEBUG]  Loading the model from /tmp/tmpm3gljxn4/train_DIETClassifier5/DIETClassifier.tf_model with finetune_mode=False...
2025-01-22 21:03:43,713 [DEBUG]  You specified 'DIET' to train entities, but no entities are present in the training data. Skipping training of entities.
2025-01-22 21:03:43,741 [DEBUG]  Following metrics will be logged during training: 
2025-01-22 21:03:43,741 [DEBUG]    t_loss (total loss)
2025-01-22 21:03:43,741 [DEBUG]    i_acc (intent acc)
2025-01-22 21:03:43,741 [DEBUG]    i_loss (intent loss)
2025-01-22 21:03:52,143 [DEBUG]  Finished loading the model.
2025-01-22 21:03:52,144 [DEBUG]  Node 'run_EntitySynonymMapper6' loading 'EntitySynonymMapper.load' and kwargs: '{}'.
2025-01-22 21:03:52,144 [DEBUG]  Resource 'train_EntitySynonymMapper6' was requested for reading.
2025-01-22 21:03:52,145 [DEBUG]  Failed to load ABCMeta from model storage. Resource 'train_EntitySynonymMapper6' doesn't exist.
2025-01-22 21:03:52,145 [DEBUG]  Node 'run_ResponseSelector7' loading 'ResponseSelector.load' and kwargs: '{}'.
2025-01-22 21:03:52,145 [DEBUG]  Resource 'train_ResponseSelector7' was requested for reading.
2025-01-22 21:03:52,145 [DEBUG]  Failed to load ABCMeta from model storage. Resource 'train_ResponseSelector7' doesn't exist.
2025-01-22 21:03:52,145 [DEBUG]  Resource 'train_ResponseSelector7' was requested for reading.
2025-01-22 21:03:52,146 [DEBUG]  Failed to load ResponseSelector from model storage. Resource 'train_ResponseSelector7' doesn't exist.
2025-01-22 21:03:52,146 [DEBUG]  Node 'run_RegexMessageHandler' loading 'RegexMessageHandler.load' and kwargs: '{}'.
2025-01-22 21:03:52,146 [DEBUG]  Node 'domain_provider' loading 'DomainProvider.load' and kwargs: '{}'.
2025-01-22 21:03:52,146 [DEBUG]  Resource 'domain_provider' was requested for reading.
2025-01-22 21:03:52,166 [DEBUG]  Node 'run_MemoizationPolicy0' loading 'MemoizationPolicy.load' and kwargs: '{}'.
2025-01-22 21:03:52,166 [DEBUG]  Resource 'train_MemoizationPolicy0' was requested for reading.
2025-01-22 21:03:52,166 [DEBUG]  Node 'run_RulePolicy1' loading 'RulePolicy.load' and kwargs: '{}'.
2025-01-22 21:03:52,167 [DEBUG]  Resource 'train_RulePolicy1' was requested for reading.
2025-01-22 21:03:52,167 [DEBUG]  Node 'run_TEDPolicy2' loading 'TEDPolicy.load' and kwargs: '{}'.
2025-01-22 21:03:52,167 [DEBUG]  Resource 'train_TEDPolicy2' was requested for reading.
2025-01-22 21:03:52,170 [DEBUG]  Loading the model from /tmp/tmpm3gljxn4/train_TEDPolicy2/ted_policy.tf_model with finetune_mode=False...
2025-01-22 21:04:03,888 [DEBUG]  Finished loading the model.
2025-01-22 21:04:03,888 [DEBUG]  Node 'rule_only_data_provider' loading 'RuleOnlyDataProvider.load' and kwargs: '{}'.
2025-01-22 21:04:03,889 [DEBUG]  Resource 'train_RulePolicy1' was requested for reading.
2025-01-22 21:04:03,889 [DEBUG]  Node 'select_prediction' loading 'DefaultPolicyPredictionEnsemble.load' and kwargs: '{}'.
2025-01-22 21:04:03,891 [INFO ]  Rasa server is up and running.
2025-01-22 21:04:03,892 [INFO ]  Enabling coroutine debugging. Loop id 484508176.
2025-01-22 21:04:05,624 [DEBUG]  Issuing ticket for conversation 'PractikumStudent'.
2025-01-22 21:04:05,625 [DEBUG]  Acquiring lock for conversation 'PractikumStudent'.
2025-01-22 21:04:05,625 [DEBUG]  Acquired lock for conversation 'PractikumStudent'.
2025-01-22 21:04:05,625 [DEBUG]  Could not find tracker for conversation ID 'PractikumStudent'.
2025-01-22 21:04:05,625 [DEBUG]  No event broker configured. Skipping streaming events.
2025-01-22 21:04:05,626 [DEBUG]  Starting a new session for conversation ID 'PractikumStudent'.
2025-01-22 21:04:05,627 [DEBUG]  [[32m[1mdebug    [0m] [1mprocessor.actions.policy_prediction[0m [36mprediction_events[0m=[35m[][0m
2025-01-22 21:04:05,628 [DEBUG]  [[32m[1mdebug    [0m] [1mprocessor.actions.log         [0m [36maction_name[0m=[35maction_session_start[0m [36mrasa_events[0m=[35m[<rasa.shared.core.events.SessionStarted object at 0x70ff3a9e1210>, ActionExecuted(action: action_listen, policy: None, confidence: None)][0m
2025-01-22 21:04:05,628 [DEBUG]  [[32m[1mdebug    [0m] [1mprocessor.slots.log           [0m [36mslot_values[0m=[35m	topic: None
	session_started_metadata: None[0m
2025-01-22 21:04:05,628 [DEBUG]  Running graph with inputs: {'__message__': [<rasa.core.channels.channel.UserMessage object at 0x70ff3b49a4a0>], '__tracker__': <rasa.shared.core.trackers.DialogueStateTracker object at 0x70ff3a9e1ae0>}, targets: ['run_RegexMessageHandler'] and ExecutionContext(model_id='00353d01c6fb41e0a7cec592918d9a1f', should_add_diagnostic_data=False, is_finetuning=False, node_name=None).
2025-01-22 21:04:05,629 [DEBUG]  Node 'nlu_message_converter' running 'NLUMessageConverter.convert_user_message'.
2025-01-22 21:04:05,629 [DEBUG]  Node 'run_WhitespaceTokenizer0' running 'WhitespaceTokenizer.process'.
2025-01-22 21:04:05,631 [DEBUG]  Node 'run_RegexFeaturizer1' running 'RegexFeaturizer.process'.
2025-01-22 21:04:05,631 [DEBUG]  Node 'run_LexicalSyntacticFeaturizer2' running 'LexicalSyntacticFeaturizer.process'.
2025-01-22 21:04:05,631 [DEBUG]  Node 'run_CountVectorsFeaturizer3' running 'CountVectorsFeaturizer.process'.
2025-01-22 21:04:05,632 [DEBUG]  Node 'run_LanguageModelFeaturizer4' running 'LanguageModelFeaturizer.process'.
2025-01-22 21:04:05,897 [DEBUG]  Node 'run_DIETClassifier5' running 'DIETClassifier.process'.
2025-01-22 21:04:06,070 [DEBUG]  Node 'run_EntitySynonymMapper6' running 'EntitySynonymMapper.process'.
2025-01-22 21:04:06,070 [DEBUG]  Node 'run_ResponseSelector7' running 'ResponseSelector.process'.
2025-01-22 21:04:06,070 [DEBUG]  There is no trained model for 'ResponseSelector': The component is either not trained or didn't receive enough training data.
2025-01-22 21:04:06,070 [DEBUG]  Adding following selector key to message property: default
2025-01-22 21:04:06,071 [DEBUG]  Node 'domain_provider' running 'DomainProvider.provide_inference'.
2025-01-22 21:04:06,071 [DEBUG]  Node 'run_RegexMessageHandler' running 'RegexMessageHandler.process'.
2025-01-22 21:04:06,071 [DEBUG]  [[32m[1mdebug    [0m] [1mprocessor.message.parse       [0m [36mparse_data_entities[0m=[35m[][0m [36mparse_data_intent[0m=[35m{'name': 'greet', 'confidence': 0.24765558540821075}[0m [36mparse_data_text[0m=[35mДобрый день[0m
2025-01-22 21:04:06,072 [DEBUG]  Logged UserUtterance - tracker now has 4 events.
2025-01-22 21:04:06,073 [DEBUG]  Validating extracted slots: topic
2025-01-22 21:04:06,073 [DEBUG]  [[32m[1mdebug    [0m] [1mprocessor.extract.slots       [0m [36maction_extract_slot[0m=[35maction_extract_slots[0m [36mlen_extraction_events[0m=[35m1[0m [36mrasa_events[0m=[35m[SlotSet(key: topic, value: Добрый день)][0m
2025-01-22 21:04:06,073 [DEBUG]  Running graph with inputs: {'__tracker__': <rasa.shared.core.trackers.DialogueStateTracker object at 0x70ff3a9e1ae0>}, targets: ['select_prediction'] and ExecutionContext(model_id='00353d01c6fb41e0a7cec592918d9a1f', should_add_diagnostic_data=False, is_finetuning=False, node_name=None).
2025-01-22 21:04:06,074 [DEBUG]  Node 'rule_only_data_provider' running 'RuleOnlyDataProvider.provide'.
2025-01-22 21:04:06,074 [DEBUG]  Node 'domain_provider' running 'DomainProvider.provide_inference'.
2025-01-22 21:04:06,074 [DEBUG]  Node 'run_MemoizationPolicy0' running 'MemoizationPolicy.predict_action_probabilities'.
2025-01-22 21:04:06,075 [DEBUG]  [[32m[1mdebug    [0m] [1mmemoization.predict.actions   [0m [36mtracker_states[0m=[35m[{}, {'user': {'intent': 'greet'}, 'prev_action': {'action_name': 'action_listen'}}][0m
2025-01-22 21:04:06,075 [DEBUG]  There is a memorised next action 'utter_greet'
2025-01-22 21:04:06,075 [DEBUG]  Node 'run_RulePolicy1' running 'RulePolicy.predict_action_probabilities'.
2025-01-22 21:04:06,076 [DEBUG]  [[32m[1mdebug    [0m] [1mrule_policy.actions.find      [0m [36mcurrent_states[0m=[35m
[state 1] user text: Добрый день | previous action name: action_listen[0m
2025-01-22 21:04:06,077 [DEBUG]  There is no applicable rule.
2025-01-22 21:04:06,078 [DEBUG]  [[32m[1mdebug    [0m] [1mrule_policy.actions.find      [0m [36mcurrent_states[0m=[35m
[state 1] user intent: greet | previous action name: action_listen[0m
2025-01-22 21:04:06,078 [DEBUG]  There is a rule for the next action 'utter_greet'.
2025-01-22 21:04:06,078 [DEBUG]  Node 'run_TEDPolicy2' running 'TEDPolicy.predict_action_probabilities'.
2025-01-22 21:04:06,084 [DEBUG]  TED predicted 'utter_greet' based on user intent.
2025-01-22 21:04:06,084 [DEBUG]  Node 'select_prediction' running 'DefaultPolicyPredictionEnsemble.combine_predictions_from_kwargs'.
2025-01-22 21:04:06,084 [DEBUG]  Made prediction using user intent.
2025-01-22 21:04:06,084 [DEBUG]  Added `DefinePrevUserUtteredFeaturization(False)` event.
2025-01-22 21:04:06,084 [DEBUG]  Predicted next action using RulePolicy.
2025-01-22 21:04:06,085 [DEBUG]  Predicted next action 'utter_greet' with confidence 1.00.
2025-01-22 21:04:06,085 [DEBUG]  [[32m[1mdebug    [0m] [1mprocessor.actions.policy_prediction[0m [36mprediction_events[0m=[35m[<rasa.shared.core.events.DefinePrevUserUtteredFeaturization object at 0x70ff3a961d80>][0m
2025-01-22 21:04:06,086 [DEBUG]  [[32m[1mdebug    [0m] [1mprocessor.actions.log         [0m [36maction_name[0m=[35mutter_greet[0m [36mrasa_events[0m=[35m[BotUttered('Привет! Чем могу помочь в области архитектуры программного обеспечения?', {"elements": null, "quick_replies": null, "buttons": null, "attachment": null, "image": null, "custom": null}, {"utter_action": "utter_greet"}, 1737579846.0856466)][0m
2025-01-22 21:04:06,086 [DEBUG]  Running graph with inputs: {'__tracker__': <rasa.shared.core.trackers.DialogueStateTracker object at 0x70ff3a9e1ae0>}, targets: ['select_prediction'] and ExecutionContext(model_id='00353d01c6fb41e0a7cec592918d9a1f', should_add_diagnostic_data=False, is_finetuning=False, node_name=None).
2025-01-22 21:04:06,086 [DEBUG]  Node 'rule_only_data_provider' running 'RuleOnlyDataProvider.provide'.
2025-01-22 21:04:06,087 [DEBUG]  Node 'domain_provider' running 'DomainProvider.provide_inference'.
2025-01-22 21:04:06,087 [DEBUG]  Node 'run_MemoizationPolicy0' running 'MemoizationPolicy.predict_action_probabilities'.
2025-01-22 21:04:06,087 [DEBUG]  [[32m[1mdebug    [0m] [1mmemoization.predict.actions   [0m [36mtracker_states[0m=[35m[{'user': {'intent': 'greet'}, 'prev_action': {'action_name': 'action_listen'}}, {'user': {'intent': 'greet'}, 'prev_action': {'action_name': 'utter_greet'}}][0m
2025-01-22 21:04:06,087 [DEBUG]  There is a memorised next action 'action_listen'
2025-01-22 21:04:06,088 [DEBUG]  Node 'run_RulePolicy1' running 'RulePolicy.predict_action_probabilities'.
2025-01-22 21:04:06,088 [DEBUG]  [[32m[1mdebug    [0m] [1mrule_policy.actions.find      [0m [36mcurrent_states[0m=[35m
[state 1] user intent: greet | previous action name: action_listen
[state 2] user intent: greet | previous action name: utter_greet[0m
2025-01-22 21:04:06,088 [DEBUG]  There is a rule for the next action 'action_listen'.
2025-01-22 21:04:06,088 [DEBUG]  Node 'run_TEDPolicy2' running 'TEDPolicy.predict_action_probabilities'.
2025-01-22 21:04:06,093 [DEBUG]  TED predicted 'action_listen' based on user intent.
2025-01-22 21:04:06,093 [DEBUG]  Node 'select_prediction' running 'DefaultPolicyPredictionEnsemble.combine_predictions_from_kwargs'.
2025-01-22 21:04:06,094 [DEBUG]  Predicted next action using RulePolicy.
2025-01-22 21:04:06,094 [DEBUG]  Predicted next action 'action_listen' with confidence 1.00.
2025-01-22 21:04:06,094 [DEBUG]  [[32m[1mdebug    [0m] [1mprocessor.actions.policy_prediction[0m [36mprediction_events[0m=[35m[][0m
2025-01-22 21:04:06,094 [DEBUG]  [[32m[1mdebug    [0m] [1mprocessor.actions.log         [0m [36maction_name[0m=[35maction_listen[0m [36mrasa_events[0m=[35m[][0m
2025-01-22 21:04:06,095 [DEBUG]  No event broker configured. Skipping streaming events.
2025-01-22 21:04:06,095 [DEBUG]  Deleted lock for conversation 'PractikumStudent'.
2025-01-22 21:04:19,549 [DEBUG]  Issuing ticket for conversation 'PractikumStudent'.
2025-01-22 21:04:19,549 [DEBUG]  Acquiring lock for conversation 'PractikumStudent'.
2025-01-22 21:04:19,549 [DEBUG]  Acquired lock for conversation 'PractikumStudent'.
2025-01-22 21:04:19,549 [DEBUG]  Recreating tracker for id 'PractikumStudent'
2025-01-22 21:04:19,550 [DEBUG]  Running graph with inputs: {'__message__': [<rasa.core.channels.channel.UserMessage object at 0x70ff3b49a140>], '__tracker__': <rasa.shared.core.trackers.DialogueStateTracker object at 0x70ff3a83fe80>}, targets: ['run_RegexMessageHandler'] and ExecutionContext(model_id='00353d01c6fb41e0a7cec592918d9a1f', should_add_diagnostic_data=False, is_finetuning=False, node_name=None).
2025-01-22 21:04:19,551 [DEBUG]  Node 'nlu_message_converter' running 'NLUMessageConverter.convert_user_message'.
2025-01-22 21:04:19,551 [DEBUG]  Node 'run_WhitespaceTokenizer0' running 'WhitespaceTokenizer.process'.
2025-01-22 21:04:19,551 [DEBUG]  Node 'run_RegexFeaturizer1' running 'RegexFeaturizer.process'.
2025-01-22 21:04:19,552 [DEBUG]  Node 'run_LexicalSyntacticFeaturizer2' running 'LexicalSyntacticFeaturizer.process'.
2025-01-22 21:04:19,552 [DEBUG]  Node 'run_CountVectorsFeaturizer3' running 'CountVectorsFeaturizer.process'.
2025-01-22 21:04:19,553 [DEBUG]  Node 'run_LanguageModelFeaturizer4' running 'LanguageModelFeaturizer.process'.
2025-01-22 21:04:19,787 [DEBUG]  Node 'run_DIETClassifier5' running 'DIETClassifier.process'.
2025-01-22 21:04:19,793 [DEBUG]  Node 'run_EntitySynonymMapper6' running 'EntitySynonymMapper.process'.
2025-01-22 21:04:19,794 [DEBUG]  Node 'run_ResponseSelector7' running 'ResponseSelector.process'.
2025-01-22 21:04:19,794 [DEBUG]  There is no trained model for 'ResponseSelector': The component is either not trained or didn't receive enough training data.
2025-01-22 21:04:19,794 [DEBUG]  Adding following selector key to message property: default
2025-01-22 21:04:19,794 [DEBUG]  Node 'domain_provider' running 'DomainProvider.provide_inference'.
2025-01-22 21:04:19,794 [DEBUG]  Node 'run_RegexMessageHandler' running 'RegexMessageHandler.process'.
2025-01-22 21:04:19,795 [DEBUG]  [[32m[1mdebug    [0m] [1mprocessor.message.parse       [0m [36mparse_data_entities[0m=[35m[][0m [36mparse_data_intent[0m=[35m{'name': 'ask_architecture', 'confidence': 0.31519174575805664}[0m [36mparse_data_text[0m=[35mЧто такое микросервис?[0m
2025-01-22 21:04:19,795 [DEBUG]  Logged UserUtterance - tracker now has 10 events.
2025-01-22 21:04:19,795 [DEBUG]  Validating extracted slots: topic
2025-01-22 21:04:19,796 [DEBUG]  [[32m[1mdebug    [0m] [1mprocessor.extract.slots       [0m [36maction_extract_slot[0m=[35maction_extract_slots[0m [36mlen_extraction_events[0m=[35m1[0m [36mrasa_events[0m=[35m[SlotSet(key: topic, value: Что такое микросервис?)][0m
2025-01-22 21:04:19,796 [DEBUG]  Running graph with inputs: {'__tracker__': <rasa.shared.core.trackers.DialogueStateTracker object at 0x70ff3a83fe80>}, targets: ['select_prediction'] and ExecutionContext(model_id='00353d01c6fb41e0a7cec592918d9a1f', should_add_diagnostic_data=False, is_finetuning=False, node_name=None).
2025-01-22 21:04:19,796 [DEBUG]  Node 'rule_only_data_provider' running 'RuleOnlyDataProvider.provide'.
2025-01-22 21:04:19,797 [DEBUG]  Node 'domain_provider' running 'DomainProvider.provide_inference'.
2025-01-22 21:04:19,797 [DEBUG]  Node 'run_MemoizationPolicy0' running 'MemoizationPolicy.predict_action_probabilities'.
2025-01-22 21:04:19,797 [DEBUG]  [[32m[1mdebug    [0m] [1mmemoization.predict.actions   [0m [36mtracker_states[0m=[35m[{'user': {'intent': 'greet'}, 'prev_action': {'action_name': 'utter_greet'}}, {'user': {'intent': 'ask_architecture'}, 'prev_action': {'action_name': 'action_listen'}}][0m
2025-01-22 21:04:19,797 [DEBUG]  There is a memorised next action 'utter_architecture_response'
2025-01-22 21:04:19,798 [DEBUG]  Node 'run_RulePolicy1' running 'RulePolicy.predict_action_probabilities'.
2025-01-22 21:04:19,798 [DEBUG]  [[32m[1mdebug    [0m] [1mrule_policy.actions.find      [0m [36mcurrent_states[0m=[35m
[state 1] user intent: greet | previous action name: action_listen
[state 2] user intent: greet | previous action name: utter_greet
[state 3] user text: Что такое микросервис? | previous action name: action_listen[0m
2025-01-22 21:04:19,798 [DEBUG]  There is no applicable rule.
2025-01-22 21:04:19,799 [DEBUG]  [[32m[1mdebug    [0m] [1mrule_policy.actions.find      [0m [36mcurrent_states[0m=[35m
[state 1] user intent: greet | previous action name: action_listen
[state 2] user intent: greet | previous action name: utter_greet
[state 3] user intent: ask_architecture | previous action name: action_listen[0m
2025-01-22 21:04:19,799 [DEBUG]  There is a rule for the next action 'utter_architecture_response'.
2025-01-22 21:04:19,799 [DEBUG]  Node 'run_TEDPolicy2' running 'TEDPolicy.predict_action_probabilities'.
2025-01-22 21:04:19,803 [DEBUG]  TED predicted '...' based on user intent.
2025-01-22 21:04:19,803 [DEBUG]  Node 'select_prediction' running 'DefaultPolicyPredictionEnsemble.combine_predictions_from_kwargs'.
2025-01-22 21:04:19,804 [DEBUG]  Made prediction using user intent.
2025-01-22 21:04:19,804 [DEBUG]  Added `DefinePrevUserUtteredFeaturization(False)` event.
2025-01-22 21:04:19,804 [DEBUG]  Predicted next action using RulePolicy.
2025-01-22 21:04:19,804 [DEBUG]  Predicted next action 'utter_architecture_response' with confidence 1.00.
2025-01-22 21:04:19,804 [DEBUG]  [[32m[1mdebug    [0m] [1mprocessor.actions.policy_prediction[0m [36mprediction_events[0m=[35m[<rasa.shared.core.events.DefinePrevUserUtteredFeaturization object at 0x70ff3a9605e0>][0m
2025-01-22 21:04:19,805 [DEBUG]  [[32m[1mdebug    [0m] [1mprocessor.actions.log         [0m [36maction_name[0m=[35mutter_architecture_response[0m [36mrasa_events[0m=[35m[BotUttered('Архитектура ПО включает выбор структур, которые обеспечивают масштабируемость, гибкость и поддерживаемость приложения. Задайте конкретный вопрос по этой теме, и я помогу вам с информацией.', {"elements": null, "quick_replies": null, "buttons": null, "attachment": null, "image": null, "custom": null}, {"utter_action": "utter_architecture_response"}, 1737579859.8048673)][0m
2025-01-22 21:04:19,805 [DEBUG]  Running graph with inputs: {'__tracker__': <rasa.shared.core.trackers.DialogueStateTracker object at 0x70ff3a83fe80>}, targets: ['select_prediction'] and ExecutionContext(model_id='00353d01c6fb41e0a7cec592918d9a1f', should_add_diagnostic_data=False, is_finetuning=False, node_name=None).
2025-01-22 21:04:19,805 [DEBUG]  Node 'rule_only_data_provider' running 'RuleOnlyDataProvider.provide'.
2025-01-22 21:04:19,806 [DEBUG]  Node 'domain_provider' running 'DomainProvider.provide_inference'.
2025-01-22 21:04:19,806 [DEBUG]  Node 'run_MemoizationPolicy0' running 'MemoizationPolicy.predict_action_probabilities'.
2025-01-22 21:04:19,806 [DEBUG]  [[32m[1mdebug    [0m] [1mmemoization.predict.actions   [0m [36mtracker_states[0m=[35m[{'user': {'intent': 'ask_architecture'}, 'prev_action': {'action_name': 'action_listen'}}, {'user': {'intent': 'ask_architecture'}, 'prev_action': {'action_name': 'utter_architecture_response'}}][0m
2025-01-22 21:04:19,806 [DEBUG]  There is a memorised next action 'action_listen'
2025-01-22 21:04:19,806 [DEBUG]  Node 'run_RulePolicy1' running 'RulePolicy.predict_action_probabilities'.
2025-01-22 21:04:19,807 [DEBUG]  [[32m[1mdebug    [0m] [1mrule_policy.actions.find      [0m [36mcurrent_states[0m=[35m
[state 1] user intent: greet | previous action name: action_listen
[state 2] user intent: greet | previous action name: utter_greet
[state 3] user intent: ask_architecture | previous action name: action_listen
[state 4] user intent: ask_architecture | previous action name: utter_architecture_response[0m
2025-01-22 21:04:19,807 [DEBUG]  There is a rule for the next action 'action_listen'.
2025-01-22 21:04:19,807 [DEBUG]  Node 'run_TEDPolicy2' running 'TEDPolicy.predict_action_probabilities'.
2025-01-22 21:04:19,811 [DEBUG]  TED predicted 'action_listen' based on user intent.
2025-01-22 21:04:19,811 [DEBUG]  Node 'select_prediction' running 'DefaultPolicyPredictionEnsemble.combine_predictions_from_kwargs'.
2025-01-22 21:04:19,811 [DEBUG]  Predicted next action using RulePolicy.
2025-01-22 21:04:19,812 [DEBUG]  Predicted next action 'action_listen' with confidence 1.00.
2025-01-22 21:04:19,812 [DEBUG]  [[32m[1mdebug    [0m] [1mprocessor.actions.policy_prediction[0m [36mprediction_events[0m=[35m[][0m
2025-01-22 21:04:19,812 [DEBUG]  [[32m[1mdebug    [0m] [1mprocessor.actions.log         [0m [36maction_name[0m=[35maction_listen[0m [36mrasa_events[0m=[35m[][0m
2025-01-22 21:04:19,812 [DEBUG]  No event broker configured. Skipping streaming events.
2025-01-22 21:04:19,813 [DEBUG]  Deleted lock for conversation 'PractikumStudent'.
2025-01-22 21:04:34,716 [DEBUG]  Issuing ticket for conversation 'PractikumStudent'.
2025-01-22 21:04:34,716 [DEBUG]  Acquiring lock for conversation 'PractikumStudent'.
2025-01-22 21:04:34,716 [DEBUG]  Acquired lock for conversation 'PractikumStudent'.
2025-01-22 21:04:34,716 [DEBUG]  Recreating tracker for id 'PractikumStudent'
2025-01-22 21:04:34,718 [DEBUG]  Running graph with inputs: {'__message__': [<rasa.core.channels.channel.UserMessage object at 0x70ff3b622980>], '__tracker__': <rasa.shared.core.trackers.DialogueStateTracker object at 0x70ff3a9e0b80>}, targets: ['run_RegexMessageHandler'] and ExecutionContext(model_id='00353d01c6fb41e0a7cec592918d9a1f', should_add_diagnostic_data=False, is_finetuning=False, node_name=None).
2025-01-22 21:04:34,719 [DEBUG]  Node 'nlu_message_converter' running 'NLUMessageConverter.convert_user_message'.
2025-01-22 21:04:34,719 [DEBUG]  Node 'run_WhitespaceTokenizer0' running 'WhitespaceTokenizer.process'.
2025-01-22 21:04:34,719 [DEBUG]  Node 'run_RegexFeaturizer1' running 'RegexFeaturizer.process'.
2025-01-22 21:04:34,720 [DEBUG]  Node 'run_LexicalSyntacticFeaturizer2' running 'LexicalSyntacticFeaturizer.process'.
2025-01-22 21:04:34,720 [DEBUG]  Node 'run_CountVectorsFeaturizer3' running 'CountVectorsFeaturizer.process'.
2025-01-22 21:04:34,721 [DEBUG]  Node 'run_LanguageModelFeaturizer4' running 'LanguageModelFeaturizer.process'.
2025-01-22 21:04:34,956 [DEBUG]  Node 'run_DIETClassifier5' running 'DIETClassifier.process'.
2025-01-22 21:04:34,961 [DEBUG]  Node 'run_EntitySynonymMapper6' running 'EntitySynonymMapper.process'.
2025-01-22 21:04:34,962 [DEBUG]  Node 'run_ResponseSelector7' running 'ResponseSelector.process'.
2025-01-22 21:04:34,962 [DEBUG]  There is no trained model for 'ResponseSelector': The component is either not trained or didn't receive enough training data.
2025-01-22 21:04:34,962 [DEBUG]  Adding following selector key to message property: default
2025-01-22 21:04:34,962 [DEBUG]  Node 'domain_provider' running 'DomainProvider.provide_inference'.
2025-01-22 21:04:34,962 [DEBUG]  Node 'run_RegexMessageHandler' running 'RegexMessageHandler.process'.
2025-01-22 21:04:34,963 [DEBUG]  [[32m[1mdebug    [0m] [1mprocessor.message.parse       [0m [36mparse_data_entities[0m=[35m[][0m [36mparse_data_intent[0m=[35m{'name': 'ask_architecture', 'confidence': 0.29550057649612427}[0m [36mparse_data_text[0m=[35mЧто такое монолит?[0m
2025-01-22 21:04:34,963 [DEBUG]  Logged UserUtterance - tracker now has 16 events.
2025-01-22 21:04:34,964 [DEBUG]  Validating extracted slots: topic
2025-01-22 21:04:34,964 [DEBUG]  [[32m[1mdebug    [0m] [1mprocessor.extract.slots       [0m [36maction_extract_slot[0m=[35maction_extract_slots[0m [36mlen_extraction_events[0m=[35m1[0m [36mrasa_events[0m=[35m[SlotSet(key: topic, value: Что такое монолит?)][0m
2025-01-22 21:04:34,964 [DEBUG]  Running graph with inputs: {'__tracker__': <rasa.shared.core.trackers.DialogueStateTracker object at 0x70ff3a9e0b80>}, targets: ['select_prediction'] and ExecutionContext(model_id='00353d01c6fb41e0a7cec592918d9a1f', should_add_diagnostic_data=False, is_finetuning=False, node_name=None).
2025-01-22 21:04:34,965 [DEBUG]  Node 'rule_only_data_provider' running 'RuleOnlyDataProvider.provide'.
2025-01-22 21:04:34,965 [DEBUG]  Node 'domain_provider' running 'DomainProvider.provide_inference'.
2025-01-22 21:04:34,965 [DEBUG]  Node 'run_MemoizationPolicy0' running 'MemoizationPolicy.predict_action_probabilities'.
2025-01-22 21:04:34,965 [DEBUG]  [[32m[1mdebug    [0m] [1mmemoization.predict.actions   [0m [36mtracker_states[0m=[35m[{'user': {'intent': 'ask_architecture'}, 'prev_action': {'action_name': 'utter_architecture_response'}}, {'user': {'intent': 'ask_architecture'}, 'prev_action': {'action_name': 'action_listen'}}][0m
2025-01-22 21:04:34,966 [DEBUG]  There is no memorised next action
2025-01-22 21:04:34,966 [DEBUG]  Node 'run_RulePolicy1' running 'RulePolicy.predict_action_probabilities'.
2025-01-22 21:04:34,966 [DEBUG]  [[32m[1mdebug    [0m] [1mrule_policy.actions.find      [0m [36mcurrent_states[0m=[35m
[state 1] user intent: greet | previous action name: action_listen
[state 2] user intent: greet | previous action name: utter_greet
[state 3] user intent: ask_architecture | previous action name: action_listen
[state 4] user intent: ask_architecture | previous action name: utter_architecture_response
[state 5] user text: Что такое монолит? | previous action name: action_listen[0m
2025-01-22 21:04:34,967 [DEBUG]  There is no applicable rule.
2025-01-22 21:04:34,967 [DEBUG]  [[32m[1mdebug    [0m] [1mrule_policy.actions.find      [0m [36mcurrent_states[0m=[35m
[state 1] user intent: greet | previous action name: action_listen
[state 2] user intent: greet | previous action name: utter_greet
[state 3] user intent: ask_architecture | previous action name: action_listen
[state 4] user intent: ask_architecture | previous action name: utter_architecture_response
[state 5] user intent: ask_architecture | previous action name: action_listen[0m
2025-01-22 21:04:34,967 [DEBUG]  There is a rule for the next action 'utter_architecture_response'.
2025-01-22 21:04:34,967 [DEBUG]  Node 'run_TEDPolicy2' running 'TEDPolicy.predict_action_probabilities'.
2025-01-22 21:04:34,972 [DEBUG]  TED predicted 'utter_goodbye' based on user intent.
2025-01-22 21:04:34,972 [DEBUG]  Node 'select_prediction' running 'DefaultPolicyPredictionEnsemble.combine_predictions_from_kwargs'.
2025-01-22 21:04:34,973 [DEBUG]  Made prediction using user intent.
2025-01-22 21:04:34,973 [DEBUG]  Added `DefinePrevUserUtteredFeaturization(False)` event.
2025-01-22 21:04:34,973 [DEBUG]  Predicted next action using RulePolicy.
2025-01-22 21:04:34,973 [DEBUG]  Predicted next action 'utter_architecture_response' with confidence 1.00.
2025-01-22 21:04:34,973 [DEBUG]  [[32m[1mdebug    [0m] [1mprocessor.actions.policy_prediction[0m [36mprediction_events[0m=[35m[<rasa.shared.core.events.DefinePrevUserUtteredFeaturization object at 0x70ff3a962230>][0m
2025-01-22 21:04:34,974 [DEBUG]  [[32m[1mdebug    [0m] [1mprocessor.actions.log         [0m [36maction_name[0m=[35mutter_architecture_response[0m [36mrasa_events[0m=[35m[BotUttered('Архитектура ПО включает выбор структур, которые обеспечивают масштабируемость, гибкость и поддерживаемость приложения. Задайте конкретный вопрос по этой теме, и я помогу вам с информацией.', {"elements": null, "quick_replies": null, "buttons": null, "attachment": null, "image": null, "custom": null}, {"utter_action": "utter_architecture_response"}, 1737579874.9738517)][0m
2025-01-22 21:04:34,974 [DEBUG]  Running graph with inputs: {'__tracker__': <rasa.shared.core.trackers.DialogueStateTracker object at 0x70ff3a9e0b80>}, targets: ['select_prediction'] and ExecutionContext(model_id='00353d01c6fb41e0a7cec592918d9a1f', should_add_diagnostic_data=False, is_finetuning=False, node_name=None).
2025-01-22 21:04:34,974 [DEBUG]  Node 'rule_only_data_provider' running 'RuleOnlyDataProvider.provide'.
2025-01-22 21:04:34,975 [DEBUG]  Node 'domain_provider' running 'DomainProvider.provide_inference'.
2025-01-22 21:04:34,975 [DEBUG]  Node 'run_MemoizationPolicy0' running 'MemoizationPolicy.predict_action_probabilities'.
2025-01-22 21:04:34,975 [DEBUG]  [[32m[1mdebug    [0m] [1mmemoization.predict.actions   [0m [36mtracker_states[0m=[35m[{'user': {'intent': 'ask_architecture'}, 'prev_action': {'action_name': 'action_listen'}}, {'user': {'intent': 'ask_architecture'}, 'prev_action': {'action_name': 'utter_architecture_response'}}][0m
2025-01-22 21:04:34,975 [DEBUG]  There is a memorised next action 'action_listen'
2025-01-22 21:04:34,976 [DEBUG]  Node 'run_RulePolicy1' running 'RulePolicy.predict_action_probabilities'.
2025-01-22 21:04:34,976 [DEBUG]  [[32m[1mdebug    [0m] [1mrule_policy.actions.find      [0m [36mcurrent_states[0m=[35m
[state 1] user intent: greet | previous action name: action_listen
[state 2] user intent: greet | previous action name: utter_greet
[state 3] user intent: ask_architecture | previous action name: action_listen
[state 4] user intent: ask_architecture | previous action name: utter_architecture_response
[state 5] user intent: ask_architecture | previous action name: action_listen
[state 6] user intent: ask_architecture | previous action name: utter_architecture_response[0m
2025-01-22 21:04:34,976 [DEBUG]  There is a rule for the next action 'action_listen'.
2025-01-22 21:04:34,976 [DEBUG]  Node 'run_TEDPolicy2' running 'TEDPolicy.predict_action_probabilities'.
2025-01-22 21:04:34,981 [DEBUG]  TED predicted 'action_listen' based on user intent.
2025-01-22 21:04:34,981 [DEBUG]  Node 'select_prediction' running 'DefaultPolicyPredictionEnsemble.combine_predictions_from_kwargs'.
2025-01-22 21:04:34,981 [DEBUG]  Predicted next action using RulePolicy.
2025-01-22 21:04:34,981 [DEBUG]  Predicted next action 'action_listen' with confidence 1.00.
2025-01-22 21:04:34,982 [DEBUG]  [[32m[1mdebug    [0m] [1mprocessor.actions.policy_prediction[0m [36mprediction_events[0m=[35m[][0m
2025-01-22 21:04:34,982 [DEBUG]  [[32m[1mdebug    [0m] [1mprocessor.actions.log         [0m [36maction_name[0m=[35maction_listen[0m [36mrasa_events[0m=[35m[][0m
2025-01-22 21:04:34,982 [DEBUG]  No event broker configured. Skipping streaming events.
2025-01-22 21:04:34,983 [DEBUG]  Deleted lock for conversation 'PractikumStudent'.
2025-01-22 21:05:14,533 [DEBUG]  Issuing ticket for conversation 'PractikumStudent'.
2025-01-22 21:05:14,534 [DEBUG]  Acquiring lock for conversation 'PractikumStudent'.
2025-01-22 21:05:14,534 [DEBUG]  Acquired lock for conversation 'PractikumStudent'.
2025-01-22 21:05:14,534 [DEBUG]  Recreating tracker for id 'PractikumStudent'
2025-01-22 21:05:14,536 [DEBUG]  Running graph with inputs: {'__message__': [<rasa.core.channels.channel.UserMessage object at 0x70ff3b622980>], '__tracker__': <rasa.shared.core.trackers.DialogueStateTracker object at 0x70ff3a83f8b0>}, targets: ['run_RegexMessageHandler'] and ExecutionContext(model_id='00353d01c6fb41e0a7cec592918d9a1f', should_add_diagnostic_data=False, is_finetuning=False, node_name=None).
2025-01-22 21:05:14,536 [DEBUG]  Node 'nlu_message_converter' running 'NLUMessageConverter.convert_user_message'.
2025-01-22 21:05:14,536 [DEBUG]  Node 'run_WhitespaceTokenizer0' running 'WhitespaceTokenizer.process'.
2025-01-22 21:05:14,537 [DEBUG]  Node 'run_RegexFeaturizer1' running 'RegexFeaturizer.process'.
2025-01-22 21:05:14,537 [DEBUG]  Node 'run_LexicalSyntacticFeaturizer2' running 'LexicalSyntacticFeaturizer.process'.
2025-01-22 21:05:14,538 [DEBUG]  Node 'run_CountVectorsFeaturizer3' running 'CountVectorsFeaturizer.process'.
2025-01-22 21:05:14,538 [DEBUG]  Node 'run_LanguageModelFeaturizer4' running 'LanguageModelFeaturizer.process'.
2025-01-22 21:05:14,788 [DEBUG]  Node 'run_DIETClassifier5' running 'DIETClassifier.process'.
2025-01-22 21:05:14,794 [DEBUG]  Node 'run_EntitySynonymMapper6' running 'EntitySynonymMapper.process'.
2025-01-22 21:05:14,794 [DEBUG]  Node 'run_ResponseSelector7' running 'ResponseSelector.process'.
2025-01-22 21:05:14,794 [DEBUG]  There is no trained model for 'ResponseSelector': The component is either not trained or didn't receive enough training data.
2025-01-22 21:05:14,794 [DEBUG]  Adding following selector key to message property: default
2025-01-22 21:05:14,794 [DEBUG]  Node 'domain_provider' running 'DomainProvider.provide_inference'.
2025-01-22 21:05:14,795 [DEBUG]  Node 'run_RegexMessageHandler' running 'RegexMessageHandler.process'.
2025-01-22 21:05:14,795 [DEBUG]  [[32m[1mdebug    [0m] [1mprocessor.message.parse       [0m [36mparse_data_entities[0m=[35m[][0m [36mparse_data_intent[0m=[35m{'name': 'ask_architecture', 'confidence': 0.3530818819999695}[0m [36mparse_data_text[0m=[35mКакие бывают виды архитектур?[0m
2025-01-22 21:05:14,795 [DEBUG]  Logged UserUtterance - tracker now has 22 events.
2025-01-22 21:05:14,796 [DEBUG]  Validating extracted slots: topic
2025-01-22 21:05:14,796 [DEBUG]  [[32m[1mdebug    [0m] [1mprocessor.extract.slots       [0m [36maction_extract_slot[0m=[35maction_extract_slots[0m [36mlen_extraction_events[0m=[35m1[0m [36mrasa_events[0m=[35m[SlotSet(key: topic, value: Какие бывают виды архитектур?)][0m
2025-01-22 21:05:14,796 [DEBUG]  Running graph with inputs: {'__tracker__': <rasa.shared.core.trackers.DialogueStateTracker object at 0x70ff3a83f8b0>}, targets: ['select_prediction'] and ExecutionContext(model_id='00353d01c6fb41e0a7cec592918d9a1f', should_add_diagnostic_data=False, is_finetuning=False, node_name=None).
2025-01-22 21:05:14,797 [DEBUG]  Node 'rule_only_data_provider' running 'RuleOnlyDataProvider.provide'.
2025-01-22 21:05:14,797 [DEBUG]  Node 'domain_provider' running 'DomainProvider.provide_inference'.
2025-01-22 21:05:14,797 [DEBUG]  Node 'run_MemoizationPolicy0' running 'MemoizationPolicy.predict_action_probabilities'.
2025-01-22 21:05:14,798 [DEBUG]  [[32m[1mdebug    [0m] [1mmemoization.predict.actions   [0m [36mtracker_states[0m=[35m[{'user': {'intent': 'ask_architecture'}, 'prev_action': {'action_name': 'utter_architecture_response'}}, {'user': {'intent': 'ask_architecture'}, 'prev_action': {'action_name': 'action_listen'}}][0m
2025-01-22 21:05:14,798 [DEBUG]  There is no memorised next action
2025-01-22 21:05:14,798 [DEBUG]  Node 'run_RulePolicy1' running 'RulePolicy.predict_action_probabilities'.
2025-01-22 21:05:14,799 [DEBUG]  [[32m[1mdebug    [0m] [1mrule_policy.actions.find      [0m [36mcurrent_states[0m=[35m
[state 1] user intent: greet | previous action name: action_listen
[state 2] user intent: greet | previous action name: utter_greet
[state 3] user intent: ask_architecture | previous action name: action_listen
[state 4] user intent: ask_architecture | previous action name: utter_architecture_response
[state 5] user intent: ask_architecture | previous action name: action_listen
[state 6] user intent: ask_architecture | previous action name: utter_architecture_response
[state 7] user text: Какие бывают виды архитектур? | previous action name: action_listen[0m
2025-01-22 21:05:14,799 [DEBUG]  There is no applicable rule.
2025-01-22 21:05:14,799 [DEBUG]  [[32m[1mdebug    [0m] [1mrule_policy.actions.find      [0m [36mcurrent_states[0m=[35m
[state 1] user intent: greet | previous action name: action_listen
[state 2] user intent: greet | previous action name: utter_greet
[state 3] user intent: ask_architecture | previous action name: action_listen
[state 4] user intent: ask_architecture | previous action name: utter_architecture_response
[state 5] user intent: ask_architecture | previous action name: action_listen
[state 6] user intent: ask_architecture | previous action name: utter_architecture_response
[state 7] user intent: ask_architecture | previous action name: action_listen[0m
2025-01-22 21:05:14,800 [DEBUG]  There is a rule for the next action 'utter_architecture_response'.
2025-01-22 21:05:14,800 [DEBUG]  Node 'run_TEDPolicy2' running 'TEDPolicy.predict_action_probabilities'.
2025-01-22 21:05:14,804 [DEBUG]  TED predicted 'utter_goodbye' based on user intent.
2025-01-22 21:05:14,805 [DEBUG]  Node 'select_prediction' running 'DefaultPolicyPredictionEnsemble.combine_predictions_from_kwargs'.
2025-01-22 21:05:14,805 [DEBUG]  Made prediction using user intent.
2025-01-22 21:05:14,805 [DEBUG]  Added `DefinePrevUserUtteredFeaturization(False)` event.
2025-01-22 21:05:14,805 [DEBUG]  Predicted next action using RulePolicy.
2025-01-22 21:05:14,805 [DEBUG]  Predicted next action 'utter_architecture_response' with confidence 1.00.
2025-01-22 21:05:14,806 [DEBUG]  [[32m[1mdebug    [0m] [1mprocessor.actions.policy_prediction[0m [36mprediction_events[0m=[35m[<rasa.shared.core.events.DefinePrevUserUtteredFeaturization object at 0x70ff3a960310>][0m
2025-01-22 21:05:14,806 [DEBUG]  [[32m[1mdebug    [0m] [1mprocessor.actions.log         [0m [36maction_name[0m=[35mutter_architecture_response[0m [36mrasa_events[0m=[35m[BotUttered('Архитектура ПО включает выбор структур, которые обеспечивают масштабируемость, гибкость и поддерживаемость приложения. Задайте конкретный вопрос по этой теме, и я помогу вам с информацией.', {"elements": null, "quick_replies": null, "buttons": null, "attachment": null, "image": null, "custom": null}, {"utter_action": "utter_architecture_response"}, 1737579914.8060038)][0m
2025-01-22 21:05:14,806 [DEBUG]  Running graph with inputs: {'__tracker__': <rasa.shared.core.trackers.DialogueStateTracker object at 0x70ff3a83f8b0>}, targets: ['select_prediction'] and ExecutionContext(model_id='00353d01c6fb41e0a7cec592918d9a1f', should_add_diagnostic_data=False, is_finetuning=False, node_name=None).
2025-01-22 21:05:14,807 [DEBUG]  Node 'rule_only_data_provider' running 'RuleOnlyDataProvider.provide'.
2025-01-22 21:05:14,807 [DEBUG]  Node 'domain_provider' running 'DomainProvider.provide_inference'.
2025-01-22 21:05:14,807 [DEBUG]  Node 'run_MemoizationPolicy0' running 'MemoizationPolicy.predict_action_probabilities'.
2025-01-22 21:05:14,807 [DEBUG]  [[32m[1mdebug    [0m] [1mmemoization.predict.actions   [0m [36mtracker_states[0m=[35m[{'user': {'intent': 'ask_architecture'}, 'prev_action': {'action_name': 'action_listen'}}, {'user': {'intent': 'ask_architecture'}, 'prev_action': {'action_name': 'utter_architecture_response'}}][0m
2025-01-22 21:05:14,808 [DEBUG]  There is a memorised next action 'action_listen'
2025-01-22 21:05:14,808 [DEBUG]  Node 'run_RulePolicy1' running 'RulePolicy.predict_action_probabilities'.
2025-01-22 21:05:14,808 [DEBUG]  [[32m[1mdebug    [0m] [1mrule_policy.actions.find      [0m [36mcurrent_states[0m=[35m
[state 1] user intent: greet | previous action name: action_listen
[state 2] user intent: greet | previous action name: utter_greet
[state 3] user intent: ask_architecture | previous action name: action_listen
[state 4] user intent: ask_architecture | previous action name: utter_architecture_response
[state 5] user intent: ask_architecture | previous action name: action_listen
[state 6] user intent: ask_architecture | previous action name: utter_architecture_response
[state 7] user intent: ask_architecture | previous action name: action_listen
[state 8] user intent: ask_architecture | previous action name: utter_architecture_response[0m
2025-01-22 21:05:14,808 [DEBUG]  There is a rule for the next action 'action_listen'.
2025-01-22 21:05:14,809 [DEBUG]  Node 'run_TEDPolicy2' running 'TEDPolicy.predict_action_probabilities'.
2025-01-22 21:05:14,813 [DEBUG]  TED predicted 'action_listen' based on user intent.
2025-01-22 21:05:14,813 [DEBUG]  Node 'select_prediction' running 'DefaultPolicyPredictionEnsemble.combine_predictions_from_kwargs'.
2025-01-22 21:05:14,813 [DEBUG]  Predicted next action using RulePolicy.
2025-01-22 21:05:14,814 [DEBUG]  Predicted next action 'action_listen' with confidence 1.00.
2025-01-22 21:05:14,814 [DEBUG]  [[32m[1mdebug    [0m] [1mprocessor.actions.policy_prediction[0m [36mprediction_events[0m=[35m[][0m
2025-01-22 21:05:14,814 [DEBUG]  [[32m[1mdebug    [0m] [1mprocessor.actions.log         [0m [36maction_name[0m=[35maction_listen[0m [36mrasa_events[0m=[35m[][0m
2025-01-22 21:05:14,814 [DEBUG]  No event broker configured. Skipping streaming events.
2025-01-22 21:05:14,815 [DEBUG]  Deleted lock for conversation 'PractikumStudent'.
2025-01-22 21:05:21,276 [DEBUG]  Issuing ticket for conversation 'PractikumStudent'.
2025-01-22 21:05:21,276 [DEBUG]  Acquiring lock for conversation 'PractikumStudent'.
2025-01-22 21:05:21,276 [DEBUG]  Acquired lock for conversation 'PractikumStudent'.
2025-01-22 21:05:21,277 [DEBUG]  Recreating tracker for id 'PractikumStudent'
2025-01-22 21:05:21,279 [DEBUG]  Running graph with inputs: {'__message__': [<rasa.core.channels.channel.UserMessage object at 0x70ff3b49a140>], '__tracker__': <rasa.shared.core.trackers.DialogueStateTracker object at 0x70ff3a9e1210>}, targets: ['run_RegexMessageHandler'] and ExecutionContext(model_id='00353d01c6fb41e0a7cec592918d9a1f', should_add_diagnostic_data=False, is_finetuning=False, node_name=None).
2025-01-22 21:05:21,279 [DEBUG]  Node 'nlu_message_converter' running 'NLUMessageConverter.convert_user_message'.
2025-01-22 21:05:21,280 [DEBUG]  Node 'run_WhitespaceTokenizer0' running 'WhitespaceTokenizer.process'.
2025-01-22 21:05:21,280 [DEBUG]  Node 'run_RegexFeaturizer1' running 'RegexFeaturizer.process'.
2025-01-22 21:05:21,280 [DEBUG]  Node 'run_LexicalSyntacticFeaturizer2' running 'LexicalSyntacticFeaturizer.process'.
2025-01-22 21:05:21,281 [DEBUG]  Node 'run_CountVectorsFeaturizer3' running 'CountVectorsFeaturizer.process'.
2025-01-22 21:05:21,281 [DEBUG]  Node 'run_LanguageModelFeaturizer4' running 'LanguageModelFeaturizer.process'.
2025-01-22 21:05:21,482 [DEBUG]  Node 'run_DIETClassifier5' running 'DIETClassifier.process'.
2025-01-22 21:05:21,487 [DEBUG]  Node 'run_EntitySynonymMapper6' running 'EntitySynonymMapper.process'.
2025-01-22 21:05:21,487 [DEBUG]  Node 'run_ResponseSelector7' running 'ResponseSelector.process'.
2025-01-22 21:05:21,487 [DEBUG]  There is no trained model for 'ResponseSelector': The component is either not trained or didn't receive enough training data.
2025-01-22 21:05:21,487 [DEBUG]  Adding following selector key to message property: default
2025-01-22 21:05:21,488 [DEBUG]  Node 'domain_provider' running 'DomainProvider.provide_inference'.
2025-01-22 21:05:21,488 [DEBUG]  Node 'run_RegexMessageHandler' running 'RegexMessageHandler.process'.
2025-01-22 21:05:21,488 [DEBUG]  [[32m[1mdebug    [0m] [1mprocessor.message.parse       [0m [36mparse_data_entities[0m=[35m[][0m [36mparse_data_intent[0m=[35m{'name': 'goodbye', 'confidence': 0.22098848223686218}[0m [36mparse_data_text[0m=[35mПока[0m
2025-01-22 21:05:21,489 [DEBUG]  Logged UserUtterance - tracker now has 28 events.
2025-01-22 21:05:21,489 [DEBUG]  Validating extracted slots: topic
2025-01-22 21:05:21,489 [DEBUG]  [[32m[1mdebug    [0m] [1mprocessor.extract.slots       [0m [36maction_extract_slot[0m=[35maction_extract_slots[0m [36mlen_extraction_events[0m=[35m1[0m [36mrasa_events[0m=[35m[SlotSet(key: topic, value: Пока)][0m
2025-01-22 21:05:21,489 [DEBUG]  Running graph with inputs: {'__tracker__': <rasa.shared.core.trackers.DialogueStateTracker object at 0x70ff3a9e1210>}, targets: ['select_prediction'] and ExecutionContext(model_id='00353d01c6fb41e0a7cec592918d9a1f', should_add_diagnostic_data=False, is_finetuning=False, node_name=None).
2025-01-22 21:05:21,490 [DEBUG]  Node 'rule_only_data_provider' running 'RuleOnlyDataProvider.provide'.
2025-01-22 21:05:21,490 [DEBUG]  Node 'domain_provider' running 'DomainProvider.provide_inference'.
2025-01-22 21:05:21,490 [DEBUG]  Node 'run_MemoizationPolicy0' running 'MemoizationPolicy.predict_action_probabilities'.
2025-01-22 21:05:21,491 [DEBUG]  [[32m[1mdebug    [0m] [1mmemoization.predict.actions   [0m [36mtracker_states[0m=[35m[{'user': {'intent': 'ask_architecture'}, 'prev_action': {'action_name': 'utter_architecture_response'}}, {'user': {'intent': 'goodbye'}, 'prev_action': {'action_name': 'action_listen'}}][0m
2025-01-22 21:05:21,491 [DEBUG]  There is no memorised next action
2025-01-22 21:05:21,491 [DEBUG]  Node 'run_RulePolicy1' running 'RulePolicy.predict_action_probabilities'.
2025-01-22 21:05:21,492 [DEBUG]  [[32m[1mdebug    [0m] [1mrule_policy.actions.find      [0m [36mcurrent_states[0m=[35m
[state 1] user intent: greet | previous action name: action_listen
[state 2] user intent: greet | previous action name: utter_greet
[state 3] user intent: ask_architecture | previous action name: action_listen
[state 4] user intent: ask_architecture | previous action name: utter_architecture_response
[state 5] user intent: ask_architecture | previous action name: action_listen
[state 6] user intent: ask_architecture | previous action name: utter_architecture_response
[state 7] user intent: ask_architecture | previous action name: action_listen
[state 8] user intent: ask_architecture | previous action name: utter_architecture_response
[state 9] user text: Пока | previous action name: action_listen[0m
2025-01-22 21:05:21,492 [DEBUG]  There is no applicable rule.
2025-01-22 21:05:21,493 [DEBUG]  [[32m[1mdebug    [0m] [1mrule_policy.actions.find      [0m [36mcurrent_states[0m=[35m
[state 1] user intent: greet | previous action name: action_listen
[state 2] user intent: greet | previous action name: utter_greet
[state 3] user intent: ask_architecture | previous action name: action_listen
[state 4] user intent: ask_architecture | previous action name: utter_architecture_response
[state 5] user intent: ask_architecture | previous action name: action_listen
[state 6] user intent: ask_architecture | previous action name: utter_architecture_response
[state 7] user intent: ask_architecture | previous action name: action_listen
[state 8] user intent: ask_architecture | previous action name: utter_architecture_response
[state 9] user intent: goodbye | previous action name: action_listen[0m
2025-01-22 21:05:21,493 [DEBUG]  There is a rule for the next action 'utter_goodbye'.
2025-01-22 21:05:21,493 [DEBUG]  Node 'run_TEDPolicy2' running 'TEDPolicy.predict_action_probabilities'.
2025-01-22 21:05:21,498 [DEBUG]  TED predicted 'utter_goodbye' based on user intent.
2025-01-22 21:05:21,498 [DEBUG]  Node 'select_prediction' running 'DefaultPolicyPredictionEnsemble.combine_predictions_from_kwargs'.
2025-01-22 21:05:21,498 [DEBUG]  Made prediction using user intent.
2025-01-22 21:05:21,499 [DEBUG]  Added `DefinePrevUserUtteredFeaturization(False)` event.
2025-01-22 21:05:21,499 [DEBUG]  Predicted next action using RulePolicy.
2025-01-22 21:05:21,499 [DEBUG]  Predicted next action 'utter_goodbye' with confidence 1.00.
2025-01-22 21:05:21,499 [DEBUG]  [[32m[1mdebug    [0m] [1mprocessor.actions.policy_prediction[0m [36mprediction_events[0m=[35m[<rasa.shared.core.events.DefinePrevUserUtteredFeaturization object at 0x70ff3a9600a0>][0m
2025-01-22 21:05:21,500 [DEBUG]  [[32m[1mdebug    [0m] [1mprocessor.actions.log         [0m [36maction_name[0m=[35mutter_goodbye[0m [36mrasa_events[0m=[35m[BotUttered('До свидания! Если появятся вопросы по архитектуре ПО, обращайтесь.', {"elements": null, "quick_replies": null, "buttons": null, "attachment": null, "image": null, "custom": null}, {"utter_action": "utter_goodbye"}, 1737579921.4997756)][0m
2025-01-22 21:05:21,500 [DEBUG]  Running graph with inputs: {'__tracker__': <rasa.shared.core.trackers.DialogueStateTracker object at 0x70ff3a9e1210>}, targets: ['select_prediction'] and ExecutionContext(model_id='00353d01c6fb41e0a7cec592918d9a1f', should_add_diagnostic_data=False, is_finetuning=False, node_name=None).
2025-01-22 21:05:21,500 [DEBUG]  Node 'rule_only_data_provider' running 'RuleOnlyDataProvider.provide'.
2025-01-22 21:05:21,501 [DEBUG]  Node 'domain_provider' running 'DomainProvider.provide_inference'.
2025-01-22 21:05:21,501 [DEBUG]  Node 'run_MemoizationPolicy0' running 'MemoizationPolicy.predict_action_probabilities'.
2025-01-22 21:05:21,501 [DEBUG]  [[32m[1mdebug    [0m] [1mmemoization.predict.actions   [0m [36mtracker_states[0m=[35m[{'user': {'intent': 'goodbye'}, 'prev_action': {'action_name': 'action_listen'}}, {'user': {'intent': 'goodbye'}, 'prev_action': {'action_name': 'utter_goodbye'}}][0m
2025-01-22 21:05:21,502 [DEBUG]  There is a memorised next action 'action_listen'
2025-01-22 21:05:21,502 [DEBUG]  Node 'run_RulePolicy1' running 'RulePolicy.predict_action_probabilities'.
2025-01-22 21:05:21,502 [DEBUG]  [[32m[1mdebug    [0m] [1mrule_policy.actions.find      [0m [36mcurrent_states[0m=[35m
[state 1] user intent: greet | previous action name: action_listen
[state 2] user intent: greet | previous action name: utter_greet
[state 3] user intent: ask_architecture | previous action name: action_listen
[state 4] user intent: ask_architecture | previous action name: utter_architecture_response
[state 5] user intent: ask_architecture | previous action name: action_listen
[state 6] user intent: ask_architecture | previous action name: utter_architecture_response
[state 7] user intent: ask_architecture | previous action name: action_listen
[state 8] user intent: ask_architecture | previous action name: utter_architecture_response
[state 9] user intent: goodbye | previous action name: action_listen
[state 10] user intent: goodbye | previous action name: utter_goodbye[0m
2025-01-22 21:05:21,502 [DEBUG]  There is a rule for the next action 'action_listen'.
2025-01-22 21:05:21,503 [DEBUG]  Node 'run_TEDPolicy2' running 'TEDPolicy.predict_action_probabilities'.
2025-01-22 21:05:21,507 [DEBUG]  TED predicted 'action_listen' based on user intent.
2025-01-22 21:05:21,508 [DEBUG]  Node 'select_prediction' running 'DefaultPolicyPredictionEnsemble.combine_predictions_from_kwargs'.
2025-01-22 21:05:21,508 [DEBUG]  Predicted next action using RulePolicy.
2025-01-22 21:05:21,508 [DEBUG]  Predicted next action 'action_listen' with confidence 1.00.
2025-01-22 21:05:21,508 [DEBUG]  [[32m[1mdebug    [0m] [1mprocessor.actions.policy_prediction[0m [36mprediction_events[0m=[35m[][0m
2025-01-22 21:05:21,509 [DEBUG]  [[32m[1mdebug    [0m] [1mprocessor.actions.log         [0m [36maction_name[0m=[35maction_listen[0m [36mrasa_events[0m=[35m[][0m
2025-01-22 21:05:21,509 [DEBUG]  No event broker configured. Skipping streaming events.
2025-01-22 21:05:21,509 [DEBUG]  Deleted lock for conversation 'PractikumStudent'.
